Info: Start Nativelink Simulation process
Info: NativeLink has detected Verilog design -- Verilog simulation models will be used

========= EDA Simulation Settings =====================

Sim Mode              :  RTL
Family                :  stratixiii
Quartus root          :  /software/altera/13.1/quartus/linux/
Quartus sim root      :  /software/altera/13.1/quartus/eda/sim_lib
Simulation Tool       :  modelsim-altera
Simulation Language   :  verilog
Simulation Mode       :  Command Line
Sim Output File       :  
Sim SDF file          :  
Sim dir               :  simulation/modelsim

=======================================================

Info: Starting NativeLink simulation with ModelSim-Altera software
Sourced NativeLink script /software/altera/13.1/quartus/common/tcl/internal/nativelink/modelsim.tcl
Warning: File mp3_run_msim_rtl_verilog.do already exists - backing up current file as mp3_run_msim_rtl_verilog.do.bak11
Probing transcript
ModelSim-Altera Info: # do mp3_run_msim_rtl_verilog.do 
ModelSim-Altera Info: # if {[file exists rtl_work]} {
ModelSim-Altera Info: # 	vdel -lib rtl_work -all
ModelSim-Altera Info: # }
ModelSim-Altera Info: # vlib rtl_work
ModelSim-Altera Info: # vmap work rtl_work
ModelSim-Altera Info: # Copying /software/altera/13.1/modelsim_ase/linuxaloem/../modelsim.ini to modelsim.ini
ModelSim-Altera Info: # Modifying modelsim.ini
ModelSim-Altera Warning: # ** Warning: Copied /software/altera/13.1/modelsim_ase/linuxaloem/../modelsim.ini to modelsim.ini.
ModelSim-Altera Info: #          Updated modelsim.ini.
ModelSim-Altera Info: # 
ModelSim-Altera Info: # vlog -sv -work work +incdir+/home/rding4/ece411/cachemoneyrecords {/home/rding4/ece411/cachemoneyrecords/comparator.sv}
ModelSim-Altera Info: # Model Technology ModelSim ALTERA vlog 10.1d Compiler 2012.11 Nov  2 2012
ModelSim-Altera Info: # -- Compiling module comparator
ModelSim-Altera Info: # 
ModelSim-Altera Info: # Top level modules:
ModelSim-Altera Info: # 	comparator
ModelSim-Altera Info: # vlog -sv -work work +incdir+/home/rding4/ece411/cachemoneyrecords {/home/rding4/ece411/cachemoneyrecords/btb_sel.sv}
ModelSim-Altera Info: # Model Technology ModelSim ALTERA vlog 10.1d Compiler 2012.11 Nov  2 2012
ModelSim-Altera Info: # -- Compiling module btb_sel
ModelSim-Altera Info: # 
ModelSim-Altera Info: # Top level modules:
ModelSim-Altera Info: # 	btb_sel
ModelSim-Altera Info: # vlog -sv -work work +incdir+/home/rding4/ece411/cachemoneyrecords {/home/rding4/ece411/cachemoneyrecords/btb_lru_state.sv}
ModelSim-Altera Info: # Model Technology ModelSim ALTERA vlog 10.1d Compiler 2012.11 Nov  2 2012
ModelSim-Altera Info: # -- Compiling module btb_lru_state
ModelSim-Altera Info: # 
ModelSim-Altera Info: # Top level modules:
ModelSim-Altera Info: # 	btb_lru_state
ModelSim-Altera Info: # vlog -sv -work work +incdir+/home/rding4/ece411/cachemoneyrecords {/home/rding4/ece411/cachemoneyrecords/btb_control.sv}
ModelSim-Altera Info: # Model Technology ModelSim ALTERA vlog 10.1d Compiler 2012.11 Nov  2 2012
ModelSim-Altera Info: # -- Compiling module btb_control
ModelSim-Altera Info: # 
ModelSim-Altera Info: # Top level modules:
ModelSim-Altera Info: # 	btb_control
ModelSim-Altera Info: # vlog -sv -work work +incdir+/home/rding4/ece411/cachemoneyrecords {/home/rding4/ece411/cachemoneyrecords/l2cache_control.sv}
ModelSim-Altera Info: # Model Technology ModelSim ALTERA vlog 10.1d Compiler 2012.11 Nov  2 2012
ModelSim-Altera Info: # -- Compiling module l2cache_control
ModelSim-Altera Info: # 
ModelSim-Altera Info: # Top level modules:
ModelSim-Altera Info: # 	l2cache_control
ModelSim-Altera Info: # vlog -sv -work work +incdir+/home/rding4/ece411/cachemoneyrecords {/home/rding4/ece411/cachemoneyrecords/cache_interconnect_control.sv}
ModelSim-Altera Info: # Model Technology ModelSim ALTERA vlog 10.1d Compiler 2012.11 Nov  2 2012
ModelSim-Altera Info: # -- Compiling module cache_interconnect_control
ModelSim-Altera Info: # 
ModelSim-Altera Info: # Top level modules:
ModelSim-Altera Info: # 	cache_interconnect_control
ModelSim-Altera Info: # vlog -sv -work work +incdir+/home/rding4/ece411/cachemoneyrecords {/home/rding4/ece411/cachemoneyrecords/cache_control.sv}
ModelSim-Altera Info: # Model Technology ModelSim ALTERA vlog 10.1d Compiler 2012.11 Nov  2 2012
ModelSim-Altera Info: # -- Compiling module cache_control
ModelSim-Altera Info: # 
ModelSim-Altera Info: # Top level modules:
ModelSim-Altera Info: # 	cache_control
ModelSim-Altera Info: # vlog -sv -work work +incdir+/home/rding4/ece411/cachemoneyrecords {/home/rding4/ece411/cachemoneyrecords/wishbone.sv}
ModelSim-Altera Info: # Model Technology ModelSim ALTERA vlog 10.1d Compiler 2012.11 Nov  2 2012
ModelSim-Altera Info: # -- Compiling interface wishbone
ModelSim-Altera Info: # 
ModelSim-Altera Info: # Top level modules:
ModelSim-Altera Info: # 	--none--
ModelSim-Altera Info: # vlog -sv -work work +incdir+/home/rding4/ece411/cachemoneyrecords {/home/rding4/ece411/cachemoneyrecords/lc3b_types.sv}
ModelSim-Altera Info: # Model Technology ModelSim ALTERA vlog 10.1d Compiler 2012.11 Nov  2 2012
ModelSim-Altera Info: # -- Compiling package lc3b_types
ModelSim-Altera Info: # 
ModelSim-Altera Info: # Top level modules:
ModelSim-Altera Info: # 	--none--
ModelSim-Altera Info: # vlog -sv -work work +incdir+/home/rding4/ece411/cachemoneyrecords {/home/rding4/ece411/cachemoneyrecords/plus2.sv}
ModelSim-Altera Info: # Model Technology ModelSim ALTERA vlog 10.1d Compiler 2012.11 Nov  2 2012
ModelSim-Altera Info: # -- Compiling module plus2
ModelSim-Altera Info: # 
ModelSim-Altera Info: # Top level modules:
ModelSim-Altera Info: # 	plus2
ModelSim-Altera Info: # vlog -sv -work work +incdir+/home/rding4/ece411/cachemoneyrecords {/home/rding4/ece411/cachemoneyrecords/register.sv}
ModelSim-Altera Info: # Model Technology ModelSim ALTERA vlog 10.1d Compiler 2012.11 Nov  2 2012
ModelSim-Altera Info: # -- Compiling module register
ModelSim-Altera Info: # 
ModelSim-Altera Info: # Top level modules:
ModelSim-Altera Info: # 	register
ModelSim-Altera Info: # vlog -sv -work work +incdir+/home/rding4/ece411/cachemoneyrecords {/home/rding4/ece411/cachemoneyrecords/mux.sv}
ModelSim-Altera Info: # Model Technology ModelSim ALTERA vlog 10.1d Compiler 2012.11 Nov  2 2012
ModelSim-Altera Info: # -- Compiling module mux2
ModelSim-Altera Info: # -- Compiling module mux4
ModelSim-Altera Info: # -- Compiling module mux8
ModelSim-Altera Info: # -- Compiling module mux16
ModelSim-Altera Info: # 
ModelSim-Altera Info: # Top level modules:
ModelSim-Altera Info: # 	mux2
ModelSim-Altera Info: # 	mux4
ModelSim-Altera Info: # 	mux8
ModelSim-Altera Info: # 	mux16
ModelSim-Altera Info: # vlog -sv -work work +incdir+/home/rding4/ece411/cachemoneyrecords {/home/rding4/ece411/cachemoneyrecords/ewb_control.sv}
ModelSim-Altera Info: # Model Technology ModelSim ALTERA vlog 10.1d Compiler 2012.11 Nov  2 2012
ModelSim-Altera Info: # -- Compiling package ewb_control_sv_unit
ModelSim-Altera Info: # -- Importing package lc3b_types
ModelSim-Altera Info: # -- Compiling module ewb_control
ModelSim-Altera Info: # 
ModelSim-Altera Info: # Top level modules:
ModelSim-Altera Info: # 	ewb_control
ModelSim-Altera Info: # vlog -sv -work work +incdir+/home/rding4/ece411/cachemoneyrecords {/home/rding4/ece411/cachemoneyrecords/incremental_counter.sv}
ModelSim-Altera Info: # Model Technology ModelSim ALTERA vlog 10.1d Compiler 2012.11 Nov  2 2012
ModelSim-Altera Info: # -- Compiling package incremental_counter_sv_unit
ModelSim-Altera Info: # -- Importing package lc3b_types
ModelSim-Altera Info: # -- Compiling module incremental_counter
ModelSim-Altera Info: # 
ModelSim-Altera Info: # Top level modules:
ModelSim-Altera Info: # 	incremental_counter
ModelSim-Altera Info: # vlog -sv -work work +incdir+/home/rding4/ece411/cachemoneyrecords {/home/rding4/ece411/cachemoneyrecords/bhr.sv}
ModelSim-Altera Info: # Model Technology ModelSim ALTERA vlog 10.1d Compiler 2012.11 Nov  2 2012
ModelSim-Altera Info: # -- Compiling module bhr
ModelSim-Altera Info: # 
ModelSim-Altera Info: # Top level modules:
ModelSim-Altera Info: # 	bhr
ModelSim-Altera Info: # vlog -sv -work work +incdir+/home/rding4/ece411/cachemoneyrecords {/home/rding4/ece411/cachemoneyrecords/pattern_hist_table.sv}
ModelSim-Altera Info: # Model Technology ModelSim ALTERA vlog 10.1d Compiler 2012.11 Nov  2 2012
ModelSim-Altera Info: # -- Compiling module pattern_hist_table
ModelSim-Altera Info: # 
ModelSim-Altera Info: # Top level modules:
ModelSim-Altera Info: # 	pattern_hist_table
ModelSim-Altera Info: # vlog -sv -work work +incdir+/home/rding4/ece411/cachemoneyrecords {/home/rding4/ece411/cachemoneyrecords/pht_update_ctrl.sv}
ModelSim-Altera Info: # Model Technology ModelSim ALTERA vlog 10.1d Compiler 2012.11 Nov  2 2012
ModelSim-Altera Info: # -- Compiling package pht_update_ctrl_sv_unit
ModelSim-Altera Info: # -- Importing package lc3b_types
ModelSim-Altera Info: # -- Compiling module pht_update_ctrl
ModelSim-Altera Info: # 
ModelSim-Altera Info: # Top level modules:
ModelSim-Altera Info: # 	pht_update_ctrl
ModelSim-Altera Info: # vlog -sv -work work +incdir+/home/rding4/ece411/cachemoneyrecords {/home/rding4/ece411/cachemoneyrecords/lru_replace.sv}
ModelSim-Altera Info: # Model Technology ModelSim ALTERA vlog 10.1d Compiler 2012.11 Nov  2 2012
ModelSim-Altera Info: # -- Compiling module lru_replace
ModelSim-Altera Info: # 
ModelSim-Altera Info: # Top level modules:
ModelSim-Altera Info: # 	lru_replace
ModelSim-Altera Info: # vlog -sv -work work +incdir+/home/rding4/ece411/cachemoneyrecords {/home/rding4/ece411/cachemoneyrecords/btb_datapath.sv}
ModelSim-Altera Info: # Model Technology ModelSim ALTERA vlog 10.1d Compiler 2012.11 Nov  2 2012
ModelSim-Altera Info: # -- Compiling package btb_datapath_sv_unit
ModelSim-Altera Info: # -- Importing package lc3b_types
ModelSim-Altera Info: # -- Compiling module btb_datapath
ModelSim-Altera Info: # 
ModelSim-Altera Info: # Top level modules:
ModelSim-Altera Info: # 	btb_datapath
ModelSim-Altera Info: # vlog -sv -work work +incdir+/home/rding4/ece411/cachemoneyrecords {/home/rding4/ece411/cachemoneyrecords/btb_array.sv}
ModelSim-Altera Info: # Model Technology ModelSim ALTERA vlog 10.1d Compiler 2012.11 Nov  2 2012
ModelSim-Altera Info: # -- Compiling package btb_array_sv_unit
ModelSim-Altera Info: # -- Importing package lc3b_types
ModelSim-Altera Info: # -- Compiling module btb_array
ModelSim-Altera Info: # 
ModelSim-Altera Info: # Top level modules:
ModelSim-Altera Info: # 	btb_array
ModelSim-Altera Info: # vlog -sv -work work +incdir+/home/rding4/ece411/cachemoneyrecords {/home/rding4/ece411/cachemoneyrecords/l2array.sv}
ModelSim-Altera Info: # Model Technology ModelSim ALTERA vlog 10.1d Compiler 2012.11 Nov  2 2012
ModelSim-Altera Info: # -- Compiling package l2array_sv_unit
ModelSim-Altera Info: # -- Importing package lc3b_types
ModelSim-Altera Info: # -- Compiling module l2array
ModelSim-Altera Info: # 
ModelSim-Altera Info: # Top level modules:
ModelSim-Altera Info: # 	l2array
ModelSim-Altera Info: # vlog -sv -work work +incdir+/home/rding4/ece411/cachemoneyrecords {/home/rding4/ece411/cachemoneyrecords/cpudatainmux.sv}
ModelSim-Altera Info: # Model Technology ModelSim ALTERA vlog 10.1d Compiler 2012.11 Nov  2 2012
ModelSim-Altera Info: # -- Compiling package cpudatainmux_sv_unit
ModelSim-Altera Info: # -- Importing package lc3b_types
ModelSim-Altera Info: # -- Compiling module cpudatainmux
ModelSim-Altera Info: # 
ModelSim-Altera Info: # Top level modules:
ModelSim-Altera Info: # 	cpudatainmux
ModelSim-Altera Info: # vlog -sv -work work +incdir+/home/rding4/ece411/cachemoneyrecords {/home/rding4/ece411/cachemoneyrecords/cache_interconnect_datapath.sv}
ModelSim-Altera Info: # Model Technology ModelSim ALTERA vlog 10.1d Compiler 2012.11 Nov  2 2012
ModelSim-Altera Info: # -- Compiling package cache_interconnect_datapath_sv_unit
ModelSim-Altera Info: # -- Importing package lc3b_types
ModelSim-Altera Info: # -- Compiling module cache_interconnect_datapath
ModelSim-Altera Info: # 
ModelSim-Altera Info: # Top level modules:
ModelSim-Altera Info: # 	cache_interconnect_datapath
ModelSim-Altera Info: # vlog -sv -work work +incdir+/home/rding4/ece411/cachemoneyrecords {/home/rding4/ece411/cachemoneyrecords/adj.sv}
ModelSim-Altera Info: # Model Technology ModelSim ALTERA vlog 10.1d Compiler 2012.11 Nov  2 2012
ModelSim-Altera Info: # -- Compiling package adj_sv_unit
ModelSim-Altera Info: # -- Importing package lc3b_types
ModelSim-Altera Info: # -- Compiling module adj
ModelSim-Altera Info: # -- Compiling module sext
ModelSim-Altera Info: # -- Compiling module zext
ModelSim-Altera Info: # -- Compiling module zext_shift
ModelSim-Altera Info: # 
ModelSim-Altera Info: # Top level modules:
ModelSim-Altera Info: # 	adj
ModelSim-Altera Info: # 	sext
ModelSim-Altera Info: # 	zext
ModelSim-Altera Info: # 	zext_shift
ModelSim-Altera Info: # vlog -sv -work work +incdir+/home/rding4/ece411/cachemoneyrecords {/home/rding4/ece411/cachemoneyrecords/alu.sv}
ModelSim-Altera Info: # Model Technology ModelSim ALTERA vlog 10.1d Compiler 2012.11 Nov  2 2012
ModelSim-Altera Info: # -- Compiling package alu_sv_unit
ModelSim-Altera Info: # -- Importing package lc3b_types
ModelSim-Altera Info: # -- Compiling module alu
ModelSim-Altera Info: # 
ModelSim-Altera Info: # Top level modules:
ModelSim-Altera Info: # 	alu
ModelSim-Altera Info: # vlog -sv -work work +incdir+/home/rding4/ece411/cachemoneyrecords {/home/rding4/ece411/cachemoneyrecords/control.sv}
ModelSim-Altera Info: # Model Technology ModelSim ALTERA vlog 10.1d Compiler 2012.11 Nov  2 2012
ModelSim-Altera Info: # -- Compiling package control_sv_unit
ModelSim-Altera Info: # -- Importing package lc3b_types
ModelSim-Altera Info: # -- Compiling module control_rom
ModelSim-Altera Info: # 
ModelSim-Altera Info: # Top level modules:
ModelSim-Altera Info: # 	control_rom
ModelSim-Altera Info: # vlog -sv -work work +incdir+/home/rding4/ece411/cachemoneyrecords {/home/rding4/ece411/cachemoneyrecords/gencc.sv}
ModelSim-Altera Info: # Model Technology ModelSim ALTERA vlog 10.1d Compiler 2012.11 Nov  2 2012
ModelSim-Altera Info: # -- Compiling package gencc_sv_unit
ModelSim-Altera Info: # -- Importing package lc3b_types
ModelSim-Altera Info: # -- Compiling module gencc
ModelSim-Altera Info: # 
ModelSim-Altera Info: # Top level modules:
ModelSim-Altera Info: # 	gencc
ModelSim-Altera Info: # vlog -sv -work work +incdir+/home/rding4/ece411/cachemoneyrecords {/home/rding4/ece411/cachemoneyrecords/regfile.sv}
ModelSim-Altera Info: # Model Technology ModelSim ALTERA vlog 10.1d Compiler 2012.11 Nov  2 2012
ModelSim-Altera Info: # -- Compiling package regfile_sv_unit
ModelSim-Altera Info: # -- Importing package lc3b_types
ModelSim-Altera Info: # -- Compiling module regfile
ModelSim-Altera Info: # 
ModelSim-Altera Info: # Top level modules:
ModelSim-Altera Info: # 	regfile
ModelSim-Altera Info: # vlog -sv -work work +incdir+/home/rding4/ece411/cachemoneyrecords {/home/rding4/ece411/cachemoneyrecords/cccomp.sv}
ModelSim-Altera Info: # Model Technology ModelSim ALTERA vlog 10.1d Compiler 2012.11 Nov  2 2012
ModelSim-Altera Info: # -- Compiling package cccomp_sv_unit
ModelSim-Altera Info: # -- Importing package lc3b_types
ModelSim-Altera Info: # -- Compiling module cccomp
ModelSim-Altera Info: # 
ModelSim-Altera Info: # Top level modules:
ModelSim-Altera Info: # 	cccomp
ModelSim-Altera Info: # vlog -sv -work work +incdir+/home/rding4/ece411/cachemoneyrecords {/home/rding4/ece411/cachemoneyrecords/br_ctrl.sv}
ModelSim-Altera Info: # Model Technology ModelSim ALTERA vlog 10.1d Compiler 2012.11 Nov  2 2012
ModelSim-Altera Info: # -- Compiling package br_ctrl_sv_unit
ModelSim-Altera Info: # -- Importing package lc3b_types
ModelSim-Altera Info: # -- Compiling module br_ctrl
ModelSim-Altera Info: # 
ModelSim-Altera Info: # Top level modules:
ModelSim-Altera Info: # 	br_ctrl
ModelSim-Altera Info: # vlog -sv -work work +incdir+/home/rding4/ece411/cachemoneyrecords {/home/rding4/ece411/cachemoneyrecords/mdrmask.sv}
ModelSim-Altera Info: # Model Technology ModelSim ALTERA vlog 10.1d Compiler 2012.11 Nov  2 2012
ModelSim-Altera Info: # -- Compiling package mdrmask_sv_unit
ModelSim-Altera Info: # -- Importing package lc3b_types
ModelSim-Altera Info: # -- Compiling module mdrmask
ModelSim-Altera Info: # 
ModelSim-Altera Info: # Top level modules:
ModelSim-Altera Info: # 	mdrmask
ModelSim-Altera Info: # vlog -sv -work work +incdir+/home/rding4/ece411/cachemoneyrecords {/home/rding4/ece411/cachemoneyrecords/srmask.sv}
ModelSim-Altera Info: # Model Technology ModelSim ALTERA vlog 10.1d Compiler 2012.11 Nov  2 2012
ModelSim-Altera Info: # -- Compiling package srmask_sv_unit
ModelSim-Altera Info: # -- Importing package lc3b_types
ModelSim-Altera Info: # -- Compiling module srmask
ModelSim-Altera Info: # 
ModelSim-Altera Info: # Top level modules:
ModelSim-Altera Info: # 	srmask
ModelSim-Altera Info: # vlog -sv -work work +incdir+/home/rding4/ece411/cachemoneyrecords {/home/rding4/ece411/cachemoneyrecords/mem_enable_ctrl.sv}
ModelSim-Altera Info: # Model Technology ModelSim ALTERA vlog 10.1d Compiler 2012.11 Nov  2 2012
ModelSim-Altera Info: # -- Compiling package mem_enable_ctrl_sv_unit
ModelSim-Altera Info: # -- Importing package lc3b_types
ModelSim-Altera Info: # -- Compiling module mem_enable_ctrl
ModelSim-Altera Info: # 
ModelSim-Altera Info: # Top level modules:
ModelSim-Altera Info: # 	mem_enable_ctrl
ModelSim-Altera Info: # vlog -sv -work work +incdir+/home/rding4/ece411/cachemoneyrecords {/home/rding4/ece411/cachemoneyrecords/ldi_sti_control.sv}
ModelSim-Altera Info: # Model Technology ModelSim ALTERA vlog 10.1d Compiler 2012.11 Nov  2 2012
ModelSim-Altera Info: # -- Compiling package ldi_sti_control_sv_unit
ModelSim-Altera Info: # -- Importing package lc3b_types
ModelSim-Altera Info: # -- Compiling module ldi_sti_control
ModelSim-Altera Info: # 
ModelSim-Altera Info: # Top level modules:
ModelSim-Altera Info: # 	ldi_sti_control
ModelSim-Altera Info: # vlog -sv -work work +incdir+/home/rding4/ece411/cachemoneyrecords {/home/rding4/ece411/cachemoneyrecords/forwarding_unit.sv}
ModelSim-Altera Info: # Model Technology ModelSim ALTERA vlog 10.1d Compiler 2012.11 Nov  2 2012
ModelSim-Altera Info: # -- Compiling package forwarding_unit_sv_unit
ModelSim-Altera Info: # -- Importing package lc3b_types
ModelSim-Altera Info: # -- Compiling module forwarding_unit
ModelSim-Altera Info: # 
ModelSim-Altera Info: # Top level modules:
ModelSim-Altera Info: # 	forwarding_unit
ModelSim-Altera Info: # vlog -sv -work work +incdir+/home/rding4/ece411/cachemoneyrecords {/home/rding4/ece411/cachemoneyrecords/branch_detection..sv}
ModelSim-Altera Info: # Model Technology ModelSim ALTERA vlog 10.1d Compiler 2012.11 Nov  2 2012
ModelSim-Altera Info: # -- Compiling package branch_detection__sv_unit
ModelSim-Altera Info: # -- Importing package lc3b_types
ModelSim-Altera Info: # -- Compiling module branch_detection
ModelSim-Altera Info: # 
ModelSim-Altera Info: # Top level modules:
ModelSim-Altera Info: # 	branch_detection
ModelSim-Altera Info: # vlog -sv -work work +incdir+/home/rding4/ece411/cachemoneyrecords {/home/rding4/ece411/cachemoneyrecords/ewb_datapath.sv}
ModelSim-Altera Info: # Model Technology ModelSim ALTERA vlog 10.1d Compiler 2012.11 Nov  2 2012
ModelSim-Altera Info: # -- Compiling package ewb_datapath_sv_unit
ModelSim-Altera Info: # -- Importing package lc3b_types
ModelSim-Altera Info: # -- Compiling module ewb_datapath
ModelSim-Altera Info: # 
ModelSim-Altera Info: # Top level modules:
ModelSim-Altera Info: # 	ewb_datapath
ModelSim-Altera Info: # vlog -sv -work work +incdir+/home/rding4/ece411/cachemoneyrecords {/home/rding4/ece411/cachemoneyrecords/counter_control.sv}
ModelSim-Altera Info: # Model Technology ModelSim ALTERA vlog 10.1d Compiler 2012.11 Nov  2 2012
ModelSim-Altera Info: # -- Compiling package counter_control_sv_unit
ModelSim-Altera Info: # -- Importing package lc3b_types
ModelSim-Altera Info: # -- Compiling module counter_control
ModelSim-Altera Info: # 
ModelSim-Altera Info: # Top level modules:
ModelSim-Altera Info: # 	counter_control
ModelSim-Altera Info: # vlog -sv -work work +incdir+/home/rding4/ece411/cachemoneyrecords {/home/rding4/ece411/cachemoneyrecords/global_br_predictor.sv}
ModelSim-Altera Info: # Model Technology ModelSim ALTERA vlog 10.1d Compiler 2012.11 Nov  2 2012
ModelSim-Altera Info: # -- Compiling package global_br_predictor_sv_unit
ModelSim-Altera Info: # -- Importing package lc3b_types
ModelSim-Altera Info: # -- Compiling module global_br_predictor
ModelSim-Altera Info: # 
ModelSim-Altera Info: # Top level modules:
ModelSim-Altera Info: # 	global_br_predictor
ModelSim-Altera Info: # vlog -sv -work work +incdir+/home/rding4/ece411/cachemoneyrecords {/home/rding4/ece411/cachemoneyrecords/local_br_predictor.sv}
ModelSim-Altera Info: # Model Technology ModelSim ALTERA vlog 10.1d Compiler 2012.11 Nov  2 2012
ModelSim-Altera Info: # -- Compiling package local_br_predictor_sv_unit
ModelSim-Altera Info: # -- Importing package lc3b_types
ModelSim-Altera Info: # -- Compiling module local_br_predictor
ModelSim-Altera Info: # 
ModelSim-Altera Info: # Top level modules:
ModelSim-Altera Info: # 	local_br_predictor
ModelSim-Altera Info: # vlog -sv -work work +incdir+/home/rding4/ece411/cachemoneyrecords {/home/rding4/ece411/cachemoneyrecords/choice_predictor.sv}
ModelSim-Altera Info: # Model Technology ModelSim ALTERA vlog 10.1d Compiler 2012.11 Nov  2 2012
ModelSim-Altera Info: # -- Compiling package choice_predictor_sv_unit
ModelSim-Altera Info: # -- Importing package lc3b_types
ModelSim-Altera Info: # -- Compiling module choice_predictor
ModelSim-Altera Info: # 
ModelSim-Altera Info: # Top level modules:
ModelSim-Altera Info: # 	choice_predictor
ModelSim-Altera Info: # vlog -sv -work work +incdir+/home/rding4/ece411/cachemoneyrecords {/home/rding4/ece411/cachemoneyrecords/array.sv}
ModelSim-Altera Info: # Model Technology ModelSim ALTERA vlog 10.1d Compiler 2012.11 Nov  2 2012
ModelSim-Altera Info: # -- Compiling package array_sv_unit
ModelSim-Altera Info: # -- Importing package lc3b_types
ModelSim-Altera Info: # -- Compiling module array
ModelSim-Altera Info: # 
ModelSim-Altera Info: # Top level modules:
ModelSim-Altera Info: # 	array
ModelSim-Altera Info: # vlog -sv -work work +incdir+/home/rding4/ece411/cachemoneyrecords {/home/rding4/ece411/cachemoneyrecords/btb.sv}
ModelSim-Altera Info: # Model Technology ModelSim ALTERA vlog 10.1d Compiler 2012.11 Nov  2 2012
ModelSim-Altera Info: # -- Compiling package btb_sv_unit
ModelSim-Altera Info: # -- Importing package lc3b_types
ModelSim-Altera Info: # -- Compiling module btb
ModelSim-Altera Info: # 
ModelSim-Altera Info: # Top level modules:
ModelSim-Altera Info: # 	btb
ModelSim-Altera Info: # vlog -sv -work work +incdir+/home/rding4/ece411/cachemoneyrecords {/home/rding4/ece411/cachemoneyrecords/l2cache_datapath.sv}
ModelSim-Altera Info: # Model Technology ModelSim ALTERA vlog 10.1d Compiler 2012.11 Nov  2 2012
ModelSim-Altera Info: # -- Compiling package l2cache_datapath_sv_unit
ModelSim-Altera Info: # -- Importing package lc3b_types
ModelSim-Altera Info: # -- Compiling module l2cache_datapath
ModelSim-Altera Info: # 
ModelSim-Altera Info: # Top level modules:
ModelSim-Altera Info: # 	l2cache_datapath
ModelSim-Altera Info: # vlog -sv -work work +incdir+/home/rding4/ece411/cachemoneyrecords {/home/rding4/ece411/cachemoneyrecords/cache_datapath.sv}
ModelSim-Altera Info: # Model Technology ModelSim ALTERA vlog 10.1d Compiler 2012.11 Nov  2 2012
ModelSim-Altera Info: # -- Compiling package cache_datapath_sv_unit
ModelSim-Altera Info: # -- Importing package lc3b_types
ModelSim-Altera Info: # -- Compiling module cache_datapath
ModelSim-Altera Info: # 
ModelSim-Altera Info: # Top level modules:
ModelSim-Altera Info: # 	cache_datapath
ModelSim-Altera Info: # vlog -sv -work work +incdir+/home/rding4/ece411/cachemoneyrecords {/home/rding4/ece411/cachemoneyrecords/cache_interconnect.sv}
ModelSim-Altera Info: # Model Technology ModelSim ALTERA vlog 10.1d Compiler 2012.11 Nov  2 2012
ModelSim-Altera Info: # -- Compiling package cache_interconnect_sv_unit
ModelSim-Altera Info: # -- Importing package lc3b_types
ModelSim-Altera Info: # -- Compiling module cache_interconnect
ModelSim-Altera Info: # 
ModelSim-Altera Info: # Top level modules:
ModelSim-Altera Info: # 	cache_interconnect
ModelSim-Altera Info: # vlog -sv -work work +incdir+/home/rding4/ece411/cachemoneyrecords {/home/rding4/ece411/cachemoneyrecords/ewb.sv}
ModelSim-Altera Info: # Model Technology ModelSim ALTERA vlog 10.1d Compiler 2012.11 Nov  2 2012
ModelSim-Altera Info: # -- Compiling package ewb_sv_unit
ModelSim-Altera Info: # -- Importing package lc3b_types
ModelSim-Altera Info: # -- Compiling module ewb
ModelSim-Altera Info: # 
ModelSim-Altera Info: # Top level modules:
ModelSim-Altera Info: # 	ewb
ModelSim-Altera Info: # vlog -sv -work work +incdir+/home/rding4/ece411/cachemoneyrecords {/home/rding4/ece411/cachemoneyrecords/l2cache.sv}
ModelSim-Altera Info: # Model Technology ModelSim ALTERA vlog 10.1d Compiler 2012.11 Nov  2 2012
ModelSim-Altera Info: # -- Compiling package l2cache_sv_unit
ModelSim-Altera Info: # -- Importing package lc3b_types
ModelSim-Altera Info: # -- Compiling module l2cache
ModelSim-Altera Info: # 
ModelSim-Altera Info: # Top level modules:
ModelSim-Altera Info: # 	l2cache
ModelSim-Altera Info: # vlog -sv -work work +incdir+/home/rding4/ece411/cachemoneyrecords {/home/rding4/ece411/cachemoneyrecords/cache.sv}
ModelSim-Altera Info: # Model Technology ModelSim ALTERA vlog 10.1d Compiler 2012.11 Nov  2 2012
ModelSim-Altera Info: # -- Compiling package cache_sv_unit
ModelSim-Altera Info: # -- Importing package lc3b_types
ModelSim-Altera Info: # -- Compiling module cache
ModelSim-Altera Info: # 
ModelSim-Altera Info: # Top level modules:
ModelSim-Altera Info: # 	cache
ModelSim-Altera Info: # vlog -sv -work work +incdir+/home/rding4/ece411/cachemoneyrecords {/home/rding4/ece411/cachemoneyrecords/datapath.sv}
ModelSim-Altera Info: # Model Technology ModelSim ALTERA vlog 10.1d Compiler 2012.11 Nov  2 2012
ModelSim-Altera Info: # -- Compiling package datapath_sv_unit
ModelSim-Altera Info: # -- Importing package lc3b_types
ModelSim-Altera Info: # -- Compiling module datapath
ModelSim-Altera Info: # 
ModelSim-Altera Info: # Top level modules:
ModelSim-Altera Info: # 	datapath
ModelSim-Altera Info: # vlog -sv -work work +incdir+/home/rding4/ece411/cachemoneyrecords {/home/rding4/ece411/cachemoneyrecords/mp3.sv}
ModelSim-Altera Info: # Model Technology ModelSim ALTERA vlog 10.1d Compiler 2012.11 Nov  2 2012
ModelSim-Altera Info: # -- Compiling package mp3_sv_unit
ModelSim-Altera Info: # -- Importing package lc3b_types
ModelSim-Altera Info: # -- Compiling module mp3
ModelSim-Altera Info: # 
ModelSim-Altera Info: # Top level modules:
ModelSim-Altera Info: # 	mp3
ModelSim-Altera Info: # 
ModelSim-Altera Info: # vlog -sv -work work +incdir+/home/rding4/ece411/cachemoneyrecords {/home/rding4/ece411/cachemoneyrecords/mp3_tb.sv}
ModelSim-Altera Info: # Model Technology ModelSim ALTERA vlog 10.1d Compiler 2012.11 Nov  2 2012
ModelSim-Altera Info: # -- Compiling module mp3_tb
ModelSim-Altera Info: # 
ModelSim-Altera Info: # Top level modules:
ModelSim-Altera Info: # 	mp3_tb
ModelSim-Altera Info: # vlog -sv -work work +incdir+/home/rding4/ece411/cachemoneyrecords {/home/rding4/ece411/cachemoneyrecords/physical_memory.sv}
ModelSim-Altera Info: # Model Technology ModelSim ALTERA vlog 10.1d Compiler 2012.11 Nov  2 2012
ModelSim-Altera Info: # -- Compiling module physical_memory
ModelSim-Altera Info: # 
ModelSim-Altera Info: # Top level modules:
ModelSim-Altera Info: # 	physical_memory
ModelSim-Altera Info: # 
ModelSim-Altera Info: # vsim -t 1ps -L altera_ver -L lpm_ver -L sgate_ver -L altera_mf_ver -L altera_lnsim_ver -L stratixiii_ver -L rtl_work -L work -voptargs="+acc"  mp3_tb
ModelSim-Altera Info: # vsim -L altera_ver -L lpm_ver -L sgate_ver -L altera_mf_ver -L altera_lnsim_ver -L stratixiii_ver -L rtl_work -L work -voptargs=\"+acc\" -t 1ps mp3_tb 
ModelSim-Altera Info: # Loading sv_std.std
ModelSim-Altera Info: # Loading work.mp3_tb
ModelSim-Altera Info: # Loading work.wishbone
ModelSim-Altera Info: # Loading work.lc3b_types
ModelSim-Altera Info: # Loading work.mp3_sv_unit
ModelSim-Altera Info: # Loading work.mp3
ModelSim-Altera Info: # Loading work.datapath_sv_unit
ModelSim-Altera Info: # Loading work.datapath
ModelSim-Altera Info: # Loading work.mux8
ModelSim-Altera Info: # Loading work.register
ModelSim-Altera Info: # Loading work.plus2
ModelSim-Altera Info: # Loading work.mux2
ModelSim-Altera Info: # Loading work.btb_sv_unit
ModelSim-Altera Info: # Loading work.btb
ModelSim-Altera Info: # Loading work.btb_datapath_sv_unit
ModelSim-Altera Info: # Loading work.btb_datapath
ModelSim-Altera Info: # Loading work.btb_sel
ModelSim-Altera Info: # Loading work.mux4
ModelSim-Altera Info: # Loading work.btb_array_sv_unit
ModelSim-Altera Info: # Loading work.btb_array
ModelSim-Altera Info: # Loading work.btb_lru_state
ModelSim-Altera Info: # Loading work.comparator
ModelSim-Altera Info: # Loading work.btb_control
ModelSim-Altera Info: # Loading work.global_br_predictor_sv_unit
ModelSim-Altera Info: # Loading work.global_br_predictor
ModelSim-Altera Info: # Loading work.pattern_hist_table
ModelSim-Altera Info: # Loading work.bhr
ModelSim-Altera Info: # Loading work.pht_update_ctrl_sv_unit
ModelSim-Altera Info: # Loading work.pht_update_ctrl
ModelSim-Altera Info: # Loading work.local_br_predictor_sv_unit
ModelSim-Altera Info: # Loading work.local_br_predictor
ModelSim-Altera Info: # Loading work.choice_predictor_sv_unit
ModelSim-Altera Info: # Loading work.choice_predictor
ModelSim-Altera Info: # Loading work.control_sv_unit
ModelSim-Altera Info: # Loading work.control_rom
ModelSim-Altera Info: # Loading work.regfile_sv_unit
ModelSim-Altera Info: # Loading work.regfile
ModelSim-Altera Info: # Loading work.adj_sv_unit
ModelSim-Altera Info: # Loading work.adj
ModelSim-Altera Info: # Loading work.sext
ModelSim-Altera Info: # Loading work.zext
ModelSim-Altera Info: # Loading work.alu_sv_unit
ModelSim-Altera Info: # Loading work.alu
ModelSim-Altera Info: # Loading work.srmask_sv_unit
ModelSim-Altera Info: # Loading work.srmask
ModelSim-Altera Info: # Loading work.zext_shift
ModelSim-Altera Info: # Loading work.mdrmask_sv_unit
ModelSim-Altera Info: # Loading work.mdrmask
ModelSim-Altera Info: # Loading work.counter_control_sv_unit
ModelSim-Altera Info: # Loading work.counter_control
ModelSim-Altera Info: # Loading work.incremental_counter_sv_unit
ModelSim-Altera Info: # Loading work.incremental_counter
ModelSim-Altera Info: # Loading work.mux16
ModelSim-Altera Info: # Loading work.ldi_sti_control_sv_unit
ModelSim-Altera Info: # Loading work.ldi_sti_control
ModelSim-Altera Info: # Loading work.cccomp_sv_unit
ModelSim-Altera Info: # Loading work.cccomp
ModelSim-Altera Info: # Loading work.gencc_sv_unit
ModelSim-Altera Info: # Loading work.gencc
ModelSim-Altera Info: # Loading work.br_ctrl_sv_unit
ModelSim-Altera Info: # Loading work.br_ctrl
ModelSim-Altera Info: # Loading work.mem_enable_ctrl_sv_unit
ModelSim-Altera Info: # Loading work.mem_enable_ctrl
ModelSim-Altera Info: # Loading work.forwarding_unit_sv_unit
ModelSim-Altera Info: # Loading work.forwarding_unit
ModelSim-Altera Info: # Loading work.branch_detection__sv_unit
ModelSim-Altera Info: # Loading work.branch_detection
ModelSim-Altera Info: # Loading work.cache_sv_unit
ModelSim-Altera Info: # Loading work.cache
ModelSim-Altera Info: # Loading work.cache_control
ModelSim-Altera Info: # Loading work.cache_datapath_sv_unit
ModelSim-Altera Info: # Loading work.cache_datapath
ModelSim-Altera Info: # Loading work.array_sv_unit
ModelSim-Altera Info: # Loading work.array
ModelSim-Altera Info: # Loading work.cpudatainmux_sv_unit
ModelSim-Altera Info: # Loading work.cpudatainmux
ModelSim-Altera Info: # Loading work.cache_interconnect_sv_unit
ModelSim-Altera Info: # Loading work.cache_interconnect
ModelSim-Altera Info: # Loading work.cache_interconnect_control
ModelSim-Altera Info: # Loading work.cache_interconnect_datapath_sv_unit
ModelSim-Altera Info: # Loading work.cache_interconnect_datapath
ModelSim-Altera Info: # Loading work.l2cache_sv_unit
ModelSim-Altera Info: # Loading work.l2cache
ModelSim-Altera Info: # Loading work.l2cache_control
ModelSim-Altera Info: # Loading work.l2cache_datapath_sv_unit
ModelSim-Altera Info: # Loading work.l2cache_datapath
ModelSim-Altera Info: # Loading work.l2array_sv_unit
ModelSim-Altera Info: # Loading work.l2array
ModelSim-Altera Info: # Loading work.lru_replace
ModelSim-Altera Info: # Loading work.ewb_sv_unit
ModelSim-Altera Info: # Loading work.ewb
ModelSim-Altera Info: # Loading work.ewb_datapath_sv_unit
ModelSim-Altera Info: # Loading work.ewb_datapath
ModelSim-Altera Info: # Loading work.ewb_control_sv_unit
ModelSim-Altera Info: # Loading work.ewb_control
ModelSim-Altera Info: # Loading work.physical_memory
ModelSim-Altera Info: # 
ModelSim-Altera Info: #add wave *
ModelSim-Altera Info: #view structure
ModelSim-Altera Info: #view signals
ModelSim-Altera Info: # run 20000 ns
ModelSim-Altera Info: # quit -f
Info: NativeLink simulation flow was successful
